// Jest Snapshot v1, https://goo.gl/fbAQLP

exports[`renders without crashing 1`] = `
<footer>
  <div
    role="banner"
  >
    <small>
      Â©2017 TypTap Management Company. All rights reserved.
    </small>
  </div>
</footer>
`;
